// Jest Snapshot v1, https://goo.gl/fbAQLP

exports[`Header component renders correctly 1`] = `
<header
  className="header"
  data-testid="header"
>
  <div
    className="header-left"
  >
    <svg
      className="back-button"
      fill="currentColor"
      height="1em"
      onClick={[Function]}
      stroke="currentColor"
      strokeWidth="0"
      style={
        Object {
          "color": undefined,
        }
      }
      viewBox="0 0 320 512"
      width="1em"
      xmlns="http://www.w3.org/2000/svg"
    >
      <path
        d="M34.52 239.03L228.87 44.69c9.37-9.37 24.57-9.37 33.94 0l22.67 22.67c9.36 9.36 9.37 24.52.04 33.9L131.49 256l154.02 154.75c9.34 9.38 9.32 24.54-.04 33.9l-22.67 22.67c-9.37 9.37-24.57 9.37-33.94 0L34.52 272.97c-9.37-9.37-9.37-24.57 0-33.94z"
      />
    </svg>
    <h2>
      2023
    </h2>
  </div>
  Initial Title
  <div
    className="header-right"
  >
    <svg
      fill="currentColor"
      height="1em"
      stroke="currentColor"
      strokeWidth="0"
      style={
        Object {
          "color": undefined,
          "fontSize": "20px",
        }
      }
      viewBox="0 0 16 16"
      width="1em"
      xmlns="http://www.w3.org/2000/svg"
    >
      <path
        d="M5 3a3 3 0 0 1 6 0v5a3 3 0 0 1-6 0V3z"
      />
      <path
        d="M3.5 6.5A.5.5 0 0 1 4 7v1a4 4 0 0 0 8 0V7a.5.5 0 0 1 1 0v1a5 5 0 0 1-4.5 4.975V15h3a.5.5 0 0 1 0 1h-7a.5.5 0 0 1 0-1h3v-2.025A5 5 0 0 1 3 8V7a.5.5 0 0 1 .5-.5z"
      />
    </svg>
    <svg
      fill="currentColor"
      height="1em"
      stroke="currentColor"
      strokeWidth="0"
      style={
        Object {
          "color": undefined,
          "fontSize": "20px",
        }
      }
      viewBox="0 0 512 512"
      width="1em"
      xmlns="http://www.w3.org/2000/svg"
    >
      <path
        d="M256 176a80 80 0 1080 80 80.24 80.24 0 00-80-80zm172.72 80a165.53 165.53 0 01-1.64 22.34l48.69 38.12a11.59 11.59 0 012.63 14.78l-46.06 79.52a11.64 11.64 0 01-14.14 4.93l-57.25-23a176.56 176.56 0 01-38.82 22.67l-8.56 60.78a11.93 11.93 0 01-11.51 9.86h-92.12a12 12 0 01-11.51-9.53l-8.56-60.78A169.3 169.3 0 01151.05 393L93.8 416a11.64 11.64 0 01-14.14-4.92L33.6 331.57a11.59 11.59 0 012.63-14.78l48.69-38.12A174.58 174.58 0 0183.28 256a165.53 165.53 0 011.64-22.34l-48.69-38.12a11.59 11.59 0 01-2.63-14.78l46.06-79.52a11.64 11.64 0 0114.14-4.93l57.25 23a176.56 176.56 0 0138.82-22.67l8.56-60.78A11.93 11.93 0 01209.94 26h92.12a12 12 0 0111.51 9.53l8.56 60.78A169.3 169.3 0 01361 119l57.2-23a11.64 11.64 0 0114.14 4.92l46.06 79.52a11.59 11.59 0 01-2.63 14.78l-48.69 38.12a174.58 174.58 0 011.64 22.66z"
      />
    </svg>
  </div>
</header>
`;
